[
    {
        "chapter": "5",
        "verses": [
            {
                "verse": "11",
                "type": "regular",
                "text": "Об этом надлежало бы нам говорить много, но трудно истолковать, так как вы стали туги к слышанию."
            },
            {
                "verse": "12",
                "type": "regular",
                "text": "Ибо, хотя вы и должны быть, судя по времени, учителями, вы снова нуждаетесь в том, чтобы вас учили первым началам слова Божия, и вам нужно стало молоко, а не твёрдая пища."
            },
            {
                "verse": "13",
                "type": "regular",
                "text": "Ибо всякий, питаемый молоком, неиспытан в слове праведности, потому что он младенец."
            },
            {
                "verse": "14",
                "type": "regular",
                "text": "Для совершенных же имеется твердая пища: их чувства навыком приучены к различению как добра, так и зла."
            }
        ],
        "type": "regular"
    },
    {
        "chapter": 6,
        "verses": [
            {
                "verse": "1",
                "type": "regular",
                "text": "Поэтому, оставив начатки учения о Христе, будем стремиться к совершенству, не полагая заново основания покаянию от мёртвых дел и вере в Бога,"
            },
            {
                "verse": "2",
                "type": "regular",
                "text": "учению о крещениях и возложении рук, о воскресении мёртвых и о суде вечном."
            }
        ],
        "type": "regular"
    }
]