{
    "Утреня": {
        "Благовещению": [
            "Лк., 4 зач., I, 39-49, 56."
        ]
    },
    "6-й час": {
        "Рядовое": [
            "Ис. XLIX, 6-10."
        ]
    },
    "Литургия": {
        "Благовещению": [
            "Евр., 306 зач., II, 11-18.",
            "Лк., 3 зач., I, 24-38."
        ]
    },
    "Вечерня": {
        "Рядовое": [
            "Быт. XXXI, 3-16.",
            "Притч. XXI, 3-21."
        ],
        "Благовещению": [
            "Исх. III, 1-8.",
            "Притч. VIII, 22-30."
        ]
    }
}