{
    "Утреня": {
        "Входу Господню в Иерусалим": [
            "Мф., 83 зач., XXI, 1-11, 15-17."
        ],
        "Воскресное евангелие": [
            "Ин., 66 зач., XXI, 1-14."
        ]
    },
    "Литургия": {
        "Входу Господню в Иерусалим": [
            "Флп., 247 зач., IV, 4-9.",
            "Ин., 41 зач., XII, 1-18."
        ]
    }
}