{
    "Утреня": {
        "Евангелия Последования Святых Страстей Господа нашего Иисуса Христа": [
            "Ин., 46 зач., XIII, 31 - XVIII, 1.",
            "Ин., 58 зач., XVIII, 1-28.",
            "Мф., 109 зач., XXVI, 57-75.",
            "Ин., 59 зач., XVIII, 28 - XIX, 16.",
            "Мф., 111 зач., XXVII, 3-32.",
            "Мк., 67 зач., XV, 16-32.",
            "Мф., 113 зач., XXVII, 33-54.",
            "Лк., 111 зач., XXIII, 32-49.",
            "Ин., 61 зач., XIX, 25-37.",
            "Мк., 69 зач., XV, 43-47.",
            "Ин., 62 зач., XIX, 38-42.",
            "Мф., 114 зач., XXVII, 62-66."
        ]
    },
    "1-й час": {
        "Великой Пятницы": [
            "Зах. XI, 10-13",
            "Гал., 215 зач., VI, 14-18.",
            "Мф., 110 зач., XXVII, 1-56."
        ]
    },
    "3-й час": {
        "Великой Пятницы": [
            "Ис. L, 4-11",
            "Рим., 88 зач., V, 6-11.",
            "Мк., 67 зач., XV, 16-41."
        ]
    },
    "6-й час": {
        "Великой Пятницы": [
            "Ис. LII, 13-15, LIII, 1-12, LIV, 1",
            "Евр., 306 зач., II, 11-18.",
            "Лк., 111 зач., XXIII, 32-49."
        ]
    },
    "9-й час": {
        "Великой Пятницы": [
            "Иер. XI, 18-23, XII, 1-4, 9-11, 14-15",
            "Евр., 324 зач., X, 19-31.",
            "Ин., 59 зач., XVIII, 28 - XIX, 37."
        ]
    },
    "Вечерня": {
        "Великой Пятницы": [
            "Исх. XXXIII, 11-23",
            "Иов. XLII, 12-17",
            "Ис. LII, 13-15, LIII, 1-12, LIV, 1",
            "1 Кор., 125 зач., I, 18 - II, 2.",
            "Мф., 110 зач., XXVII, 1-44~Лк., XXIII, 39-43~Мф., XXVII, 45-54~Ин., XIX, 31-37~Мф., XXVII, 55-61."
        ]
    }
}