{
    "Утреня": {
        "Воскресное евангелие": [
            "Лк., 113 зач., XXIV, 12-35."
        ],
        "Иоанну Предтече": [
            "Лк., 31 зач., VII, 17-30."
        ]
    },
    "Литургия": {
        "Рядовое": [
            "Евр., 329 зач., XI, 24-26; 32 - XII, 2.",
            "Ин., 5 зач., I, 43-51."
        ],
        "Иоанну Предтече": [
            "2 Кор., 176 зач., IV, 6-15.",
            "Мф., 40 зач., XI, 2-15."
        ],
        "За упокой": [
            "1 Фес., 270 зач., IV, 13-17.",
            "Ин., 16 зач., V, 24-30."
        ]
    }
}