{
    "6-й час": {
        "Рядовое": [
            "Ис. XLVIII, 17 - XLIX, 4."
        ]
    },
    "Вечерня": {
        "Рядовое": [
            "Быт. XXVII, 1-41.",
            "Притч. XIX, 16-25."
        ],
        "Благовещению": [
            "Быт. XXVIII, 1-17",
            "Иез. XLIII, 27; XLIV, 1-4",
            "Притч. IX, 1-11"
        ]
    }
}