[
    {
        "chapter": "1",
        "verses": [
            {
                "verse": "2",
                "type": "regular",
                "text": "которое Бог прежде обещал через пророков Своих, в святых писаниях,"
            },
            {
                "verse": "3",
                "type": "regular",
                "text": "о Сыне Своем, Который родился от семени Давидова по плоти"
            },
            {
                "verse": "4",
                "type": "regular",
                "text": "и открылся Сыном Божиим в силе, по духу святыни, через воскресение из мертвых, о Иисусе Христе Господе нашем,"
            }
        ],
        "type": "regular"
    }
]