[
    {
        "chapter": "13",
        "verses": [
            {
                "verse": "31",
                "type": "regular",
                "text": "Итак, когда он вышел, говорит Иисус: теперь прославлен Сын Человеческий, и Бог прославлен в Нем."
            },
            {
                "verse": "32",
                "type": "regular",
                "text": "Если Бог прославлен в Нем, то и Бог прославит Его в Себе, и тотчас прославит Его."
            },
            {
                "verse": "33",
                "type": "regular",
                "text": "Дети Мои, еще недолго Я с вами. Будете искать Меня, и, как Я сказал Иудеям: \"куда Я иду, вы не можете пойти\", так и вам говорю теперь."
            },
            {
                "verse": "34",
                "type": "regular",
                "text": "Заповедь новую даю вам: да любите друг друга; как Я возлюбил вас, и вы да любите друг друга."
            },
            {
                "verse": "35",
                "type": "regular",
                "text": "По этому узнают все, что вы Мои ученики, если будете иметь любовь между собою."
            }
        ],
        "type": "regular"
    },
    {
        "chapter": 15,
        "verses": [
            {
                "verse": "1",
                "type": "regular",
                "text": "Я – истинная виноградная лоза, и Отец Мой – виноградарь."
            },
            {
                "verse": "2",
                "type": "regular",
                "text": "Всякую ветвь на Мне, не приносящую плода, Он удаляет, и всякую, приносящую плод, очищает, чтобы больший плод приносила."
            }
        ],
        "type": "regular"
    }
]