[
    {
        "chapter": "5",
        "verses": [
            {
                "verse": "24",
                "type": "regular",
                "text": "Истинно, истинно говорю вам: слово Мое слушающий и верящий Пославшему Меня имеет жизнь вечную и на суд не приходит, но перешел из смерти в жизнь."
            },
            {
                "verse": "25",
                "type": "regular",
                "text": "Истинно, истинно говорю вам: приходит час, и теперь есть, когда мертвые услышат голос Сына Божия, и услышавшие оживут."
            },
            {
                "verse": "26",
                "type": "regular",
                "text": "Ибо, как Отец имеет жизнь в Самом Себе, так дал Он и Сыну иметь жизнь в Самом Себе,"
            },
            {
                "verse": "27",
                "type": "regular",
                "text": "и дал Ему власть суд творить, потому что Он – сын человека."
            },
            {
                "verse": "28",
                "type": "regular",
                "text": "Не удивляйтесь этому, потому что приходит час, когда все, находящиеся в могилах, услышат голос Его,"
            },
            {
                "verse": "29",
                "type": "regular",
                "text": "и выйдут: сотворившие благое – в воскресение жизни, сделавшие злое – в воскресение суда."
            },
            {
                "verse": "30",
                "type": "regular",
                "text": "Не могу Я Сам по Себе творить ничего: как слышу, сужу, и суд Мой праведен, потому что не ищу воли Моей, но воли Пославшего Меня."
            }
        ],
        "type": "regular"
    }
]