[
    {
        "chapter": "13",
        "verses": [
            {
                "verse": "31",
                "type": "regular",
                "text": "Итак, когда он вышел, говорит Иисус: теперь прославлен Сын Человеческий, и Бог прославлен в Нем."
            },
            {
                "verse": "32",
                "type": "regular",
                "text": "Если Бог прославлен в Нем, то и Бог прославит Его в Себе, и тотчас прославит Его."
            },
            {
                "verse": "33",
                "type": "regular",
                "text": "Дети Мои, еще недолго Я с вами. Будете искать Меня, и, как Я сказал Иудеям: \"куда Я иду, вы не можете пойти\", так и вам говорю теперь."
            },
            {
                "verse": "34",
                "type": "regular",
                "text": "Заповедь новую даю вам: да любите друг друга; как Я возлюбил вас, и вы да любите друг друга."
            },
            {
                "verse": "35",
                "type": "regular",
                "text": "По этому узнают все, что вы Мои ученики, если будете иметь любовь между собою."
            },
            {
                "verse": "36",
                "type": "regular",
                "text": "Говорит Ему Симон Петр: Господи, куда Ты идешь? Ответил Ему Иисус: куда Я иду, ты не можешь теперь последовать за Мною, но последуешь после."
            },
            {
                "verse": "37",
                "type": "regular",
                "text": "Говорит Ему Петр: Господи, почему я не могу за Тобою последовать теперь? Я душу мою за Тебя положу."
            },
            {
                "verse": "38",
                "type": "regular",
                "text": "Отвечает Иисус: душу твою за Меня положишь? Истинно, истинно говорю тебе: петух не пропоет, как ты отречешься от Меня трижды."
            }
        ],
        "type": "regular"
    },
    {
        "chapter": 14,
        "verses": [
            {
                "verse": "1",
                "type": "regular",
                "text": "Да не смущается сердце ваше: веруйте в Бога и в Меня веруйте."
            },
            {
                "verse": "2",
                "type": "regular",
                "text": "В доме Отца Моего обителей много. А если бы не было, разве Я сказал бы вам: иду приготовить место вам?"
            },
            {
                "verse": "3",
                "type": "regular",
                "text": "И когда пойду и приготовлю место вам, снова приду и возьму вас к Себе, чтобы, где Я, и вы были."
            },
            {
                "verse": "4",
                "type": "regular",
                "text": "А куда Я иду, вы знаете, и путь знаете."
            },
            {
                "verse": "5",
                "type": "regular",
                "text": "Говорит Ему Фома: Господи, мы не знаем, куда Ты идешь; как же нам знать путь?"
            },
            {
                "verse": "6",
                "type": "regular",
                "text": "Говорит ему Иисус: Я – путь и истина и жизнь; никто не приходит к Отцу иначе, как чрез Меня."
            },
            {
                "verse": "7",
                "type": "regular",
                "text": "Если бы вы знали Меня, то и Отца Моего знали бы. И отныне вы знаете Его и видели Его."
            },
            {
                "verse": "8",
                "type": "regular",
                "text": "Говорит Ему Филипп: Господи, покажи нам Отца, и этого нам довольно."
            },
            {
                "verse": "9",
                "type": "regular",
                "text": "Говорит ему Иисус: столько времени Я с вами, и ты не познал Меня, Филипп? Кто Меня увидел, увидел Отца. Как же ты говоришь: \"покажи нам Отца\"?"
            },
            {
                "verse": "10",
                "type": "regular",
                "text": "Не веришь ты, что Я в Отце, и Отец во Мне? Те слова, которые Я говорю вам, Я не от Себя говорю: Отец, во Мне пребывающий, творит дела Свои."
            },
            {
                "verse": "11",
                "type": "regular",
                "text": "Верьте Мне, что Я в Отце, и Отец во Мне. Если же нет, по самым делам верьте."
            },
            {
                "verse": "12",
                "type": "regular",
                "text": "Истинно, истинно говорю вам: верующий в Меня будет творить дела, которые Я творю, и большие этих будет творить, потому что Я иду к Отцу."
            },
            {
                "verse": "13",
                "type": "regular",
                "text": "И о чем ни попросите во имя Мое, Я сотворю, чтобы прославлен был Отец в Сыне."
            },
            {
                "verse": "14",
                "type": "regular",
                "text": "Если о чем попросите Меня во имя Мое, Я сотворю."
            },
            {
                "verse": "15",
                "type": "regular",
                "text": "Если любите Меня, заповеди Мои соблюдите."
            },
            {
                "verse": "16",
                "type": "regular",
                "text": "И Я умолю Отца, и другого Утешителя даст вам, чтобы был с вами вовек,"
            },
            {
                "verse": "17",
                "type": "regular",
                "text": "Духа Истины, Которого мир не может принять, потому что не видит Его и не знает; вы же знаете Его, потому что Он с вами пребывает и в вас будет."
            },
            {
                "verse": "18",
                "type": "regular",
                "text": "Не оставлю вас сиротами: приду к вам."
            },
            {
                "verse": "19",
                "type": "regular",
                "text": "Еще недолго, и уже мир Меня не видит; но вы видите Меня, потому что Я живу, и вы жить будете."
            },
            {
                "verse": "20",
                "type": "regular",
                "text": "В тот день узнаете вы, что Я в Отце Моем, и вы во Мне, и Я в вас."
            },
            {
                "verse": "21",
                "type": "regular",
                "text": "Имеющий заповеди Мои и соблюдающий их, тот и есть любящий Меня. А любящий Меня возлюблен будет Отцом Моим, и Я возлюблю его и явлю ему Себя."
            },
            {
                "verse": "22",
                "type": "regular",
                "text": "Говорит Ему Иуда, не Искариот: Господи, что это, что Ты нам хочешь являть Себя, а не миру?"
            },
            {
                "verse": "23",
                "type": "regular",
                "text": "Ответил Иисус и сказал ему: если кто любит Меня, слово Мое соблюдет, и Отец Мой возлюбит его, и к нему Мы придем и обитель Себе у него сотворим."
            },
            {
                "verse": "24",
                "type": "regular",
                "text": "Не любящий Меня слов Моих не соблюдает. А слово, которое вы слышите, не Мое, но пославшего Меня Отца."
            },
            {
                "verse": "25",
                "type": "regular",
                "text": "Это Я сказал вам, с вами пребывая."
            },
            {
                "verse": "26",
                "type": "regular",
                "text": "Утешитель же, Дух Святой, Которого пошлет Отец во имя Мое, Он вас научит всему и напомнит вам всё, что сказал вам Я."
            },
            {
                "verse": "27",
                "type": "regular",
                "text": "Мир оставляю вам, мир Мой даю вам: не так, как мир дает, Я даю вам. Да не смущается сердце ваше и да не робеет."
            },
            {
                "verse": "28",
                "type": "regular",
                "text": "Вы слышали, что Я сказал вам: \"ухожу и приду к вам\". Если бы вы любили Меня, вы возрадовались бы, что Я иду к Отцу, потому что Отец больше Меня."
            },
            {
                "verse": "29",
                "type": "regular",
                "text": "И теперь Я сказал вам прежде, чем сбылось, чтобы, когда сбудется, вы уверовали."
            },
            {
                "verse": "30",
                "type": "regular",
                "text": "Я уже не буду много говорить с вами: ибо идет князь мира, и во Мне не имеет ничего."
            },
            {
                "verse": "31",
                "type": "regular",
                "text": "Но чтобы мир узнал, что Я люблю Отца и, как заповедал Мне Отец, так творю: вставайте, идем отсюда."
            }
        ],
        "type": "regular"
    },
    {
        "chapter": 15,
        "verses": [
            {
                "verse": "1",
                "type": "regular",
                "text": "Я – истинная виноградная лоза, и Отец Мой – виноградарь."
            }
        ],
        "type": "regular"
    }
]