{
    "6-й час": {
        "Рядовое": [
            "Ис. LXV, 8-16."
        ]
    },
    "Вечерня": {
        "Рядовое": [
            "Быт. XLVI, 1-7.",
            "Притч. XXIII, 15 - XXIV, 5."
        ]
    }
}