{
    "Утреня": {
        "Великого Четверга": [
            "Лк., 108 зач., XXII, 1-39."
        ]
    },
    "1-й час": {
        "Великого Четверга": [
            "Иер. XI, 18-23, XII, 1-4, 9-11, 14-15"
        ]
    },
    "Литургия": {
        "Великого Четверга": [
            "1 Кор., 149 зач., XI, 23-32.",
            "Мф., 107 зач., XXVI, 2-20~Ин., XIII, 3-17~Мф., XXVI, 21-39~Лк., XXII, 43-45~Мф., XXVI, 40 - XXVII, 2."
        ],
        "На умовении ног": [
            "",
            "Ин., 44 зач., XIII, 1-11."
        ],
        "По умовении ног": [
            "",
            "Ин., 45 зач., XIII, 12-17."
        ]
    },
    "Вечерня": {
        "Великого Четверга": [
            "Исх. XIX, 10-19",
            "Иов. XXXVIII, 1-23, XLII, 1-5",
            "Ис. L, 4-11"
        ]
    }
}