[
    {
        "chapter": "1",
        "verses": [
            {
                "verse": "28",
                "type": "regular",
                "text": "И как они не заботились иметь Бога в разуме, то предал их Бог превратному уму - делать непотребства,"
            },
            {
                "verse": "30",
                "type": "regular",
                "text": "злоречивы, клеветники, богоненавистники, обидчики, самохвалы, горды, изобретательны на зло, непослушны родителям,"
            },
            {
                "verse": "31",
                "type": "regular",
                "text": "безрассудны, вероломны, нелюбовны, непримиримы, немилостивы."
            },
            {
                "verse": "32",
                "type": "regular",
                "text": "Они знают праведный [суд] Божий, что делающие такие [дела] достойны смерти; однако не только [их] делают, но и делающих одобряют."
            }
        ],
        "type": "regular"
    },
    {
        "chapter": 2,
        "verses": [
            {
                "verse": "1",
                "type": "regular",
                "text": "Итак, неизвинителен ты, всякий человек, судящий [другого], ибо тем же судом, каким судишь другого, осуждаешь себя, потому что, судя [другого], делаешь то же."
            },
            {
                "verse": "2",
                "type": "regular",
                "text": "А мы знаем, что поистине есть суд Божий на делающих такие [дела]."
            }
        ],
        "type": "regular"
    }
]