{
    "Литургия": {
        "Рядовое": [
            "Евр., 303 зач., I, 1-12.",
            "Мк., 10 зач., II, 23 - III, 5."
        ],
        "Великомученику": [
            "2 Тим., 292 зач., II, 1-10.",
            "Ин., 52 зач., XV, 17 - XVI, 2."
        ]
    },
    "Вечерня": {
        "Иоанну Предтече": [
            "Ис. XL, 1 - 3; 9; XLI, 17 - 18; XLV, 8; XLVIII, 20-21; LIV, 1",
            "Мал. III, 1~Мк. I, 2~Мал. III, 1 - 3; 5 - 7; 12; 18; 17; IV, 4 - 6",
            "Прем. IV, 7; 16; 17; 19-20; V, 1 - 7"
        ]
    }
}