[
    {
        "chapter": "1",
        "verses": [
            {
                "verse": "16",
                "type": "regular",
                "text": "И проходя по берегу Галилейского моря, увидел Он Симона и Симонова брата Андрея, закидывающих в море сети, потому что были они рыболовы."
            },
            {
                "verse": "17",
                "type": "regular",
                "text": "И сказал им Иисус: \n\"Ступайте за Мною, и я сделаю так, что вы станете ловцами людей\"."
            },
            {
                "verse": "18",
                "type": "regular",
                "text": "И они тотчас, оставив сети, пошли за Ним."
            }
        ],
        "type": "regular"
    }
]