[
    {
        "chapter": "11",
        "verses": [
            {
                "verse": "24",
                "type": "regular",
                "text": "Верою Моисей, придя в возраст, отказался называться сыном дочери фараоновой,"
            },
            {
                "verse": "25",
                "type": "regular",
                "text": "и лучше захотел страдать с народом Божиим, нежели иметь временное греховное наслаждение,"
            },
            {
                "verse": "26",
                "type": "regular",
                "text": "и поношение Христово почел большим для себя богатством, нежели Египетские сокровища; ибо он взирал на воздаяние."
            },
            {
                "verse": "32",
                "type": "regular",
                "text": "И что еще скажу? Недостанет мне времени, чтобы повествовать о Гедеоне, о Вараке, о Самсоне и Иеффае, о Давиде, Самуиле и (других) пророках,"
            },
            {
                "verse": "33",
                "type": "regular",
                "text": "которые верою побеждали царства, творили правду, получали обетования, заграждали уста львов,"
            },
            {
                "verse": "34",
                "type": "regular",
                "text": "угашали силу огня, избегали острия меча, укреплялись от немощи, были крепки на войне, прогоняли полки чужих;"
            },
            {
                "verse": "35",
                "type": "regular",
                "text": "жены получали умерших своих воскресшими; иные же замучены были, не приняв освобождения, дабы получить лучшее воскресение;"
            },
            {
                "verse": "36",
                "type": "regular",
                "text": "другие испытали поругания и побои, а также узы и темницу,"
            },
            {
                "verse": "37",
                "type": "regular",
                "text": "были побиваемы камнями, перепиливаемы, подвергаемы пытке, умирали от меча, скитались в милотях и козьих кожах, терпя недостатки, скорби, озлобления;"
            },
            {
                "verse": "38",
                "type": "regular",
                "text": "те, которых весь мир не был достоин, скитались по пустыням и горам, по пещерам и ущельям земли."
            },
            {
                "verse": "39",
                "type": "regular",
                "text": "И все сии, свидетельствованные в вере, не получили обещанного,"
            },
            {
                "verse": "40",
                "type": "regular",
                "text": "потому что Бог предусмотрел о нас нечто лучшее, дабы они не без нас достигли совершенства."
            }
        ],
        "type": "regular"
    },
    {
        "chapter": 12,
        "verses": [
            {
                "verse": "1",
                "type": "regular",
                "text": "Посему и мы, имея вокруг себя такое облако свидетелей, свергнем с себя всякое бремя и запинающий нас грех и с терпением будем проходить предлежащее нам поприще,"
            },
            {
                "verse": "2",
                "type": "regular",
                "text": "взирая на начальника и совершителя веры Иисуса, Который, вместо предлежавшей Ему радости, претерпел крест, пренебрегши посрамление, и воссел одесную престола Божия."
            }
        ],
        "type": "regular"
    }
]