[
    {
        "chapter": "5",
        "verses": [
            {
                "verse": "10",
                "type": "regular",
                "text": "И стояли сыны Израилевы станом в Галгале и совершили Пасху в четырнадцатый день месяца вечером на равнинах Иерихонских;"
            },
            {
                "verse": "11",
                "type": "regular",
                "text": "и на другой день Пасхи стали есть из произведений земли сей, опресноки и сушеные зерна в самый тот день;"
            },
            {
                "verse": "12",
                "type": "regular",
                "text": "а манна перестала падать на другой день после того, как они стали есть произведения земли, и не было более манны у сынов Израилевых, но они ели в тот год произведения земли Ханаанской."
            },
            {
                "verse": "13",
                "type": "regular",
                "text": "Иисус, находясь близ Иерихона, взглянул, и видит, и вот стоит пред ним человек, и в руке его обнаженный меч. Иисус подошел к нему и сказал ему: наш ли ты, или из неприятелей наших?"
            },
            {
                "verse": "14",
                "type": "regular",
                "text": "Он сказал: нет; я вождь воинства Господня, теперь пришел [сюда]. Иисус пал лицем своим на землю, и поклонился и сказал ему: что господин мой скажет рабу своему?"
            },
            {
                "verse": "15",
                "type": "regular",
                "text": "Вождь воинства Господня сказал Иисусу: сними обувь твою с ног твоих, ибо место, на котором ты стоишь, свято. Иисус так и сделал."
            }
        ],
        "type": "regular"
    }
]