{
    "Утреня": {
        "Воскресное евангелие": [
            "Лк., 112 зач., XXIV, 1-12."
        ],
        "Священномученику": [
            "Ин., 35 зач., X, 1-9."
        ]
    },
    "Литургия": {
        "Рядовое": [
            "Рим., 112 зач., XIII, 11 - XIV, 4.",
            "Мф., 17 зач., VI, 14-21."
        ],
        "Великомученику": [
            "2 Тим., 292 зач., II, 1-10.",
            "Ин., 52 зач., XV, 17 - XVI, 2."
        ],
        "Священномученику": [
            "Евр., 335 зач., XIII, 17-21.",
            "Ин., 36 зач., X, 9-16."
        ]
    }
}